Watching for file changes with StatReloader
[13/Mar/2026 14:42:01,987] - Broken pipe from ('127.0.0.1', 51209)
Internal Server Error: /api/convert/
[13/Mar/2026 14:47:35,566] - Broken pipe from ('127.0.0.1', 65525)
[13/Mar/2026 14:53:46] "POST /api/convert/ HTTP/1.1" 201 135
[13/Mar/2026 14:53:47] "GET /media/jobs/cfaff95da08547009e1ecfd21c6f9ba4/video.mp4 HTTP/1.1" 200 9805002
[13/Mar/2026 15:00:55] "POST /api/convert/ HTTP/1.1" 201 135
[13/Mar/2026 15:00:56] "GET /media/jobs/d685ed4fb952424880709dd292d52c8d/video.mp4 HTTP/1.1" 200 9805002
[13/Mar/2026 15:07:46] "POST /api/convert/ HTTP/1.1" 201 135
[13/Mar/2026 15:07:46] "GET /media/jobs/8f29806979b64865b490cc568f7bac29/video.mp4 HTTP/1.1" 200 4593371
[13/Mar/2026 15:11:47] "GET /media/jobs/8f29806979b64865b490cc568f7bac29/video.mp4 HTTP/1.1" 200 4593371
C:\Users\Rihana\Desktop\doc-video\backend\converter\views.py changed, reloading.
-> Cannot close object; pdfium library is destroyed. This may cause a memory leak.
-> Cannot close object; pdfium library is destroyed. This may cause a memory leak.
-> Cannot close object; pdfium library is destroyed. This may cause a memory leak.
-> Cannot close object; pdfium library is destroyed. This may cause a memory leak.
-> Cannot close object; pdfium library is destroyed. This may cause a memory leak.
-> Cannot close object; pdfium library is destroyed. This may cause a memory leak.
Watching for file changes with StatReloader
C:\Users\Rihana\Desktop\doc-video\backend\converter\views.py changed, reloading.
Watching for file changes with StatReloader
C:\Users\Rihana\Desktop\doc-video\backend\converter\views.py changed, reloading.
Watching for file changes with StatReloader
Exception in thread django-main-thread:
Traceback (most recent call last):
  File "C:\Users\Rihana\AppData\Local\Programs\Python\Python314\Lib\threading.py", line 1082, in _bootstrap_inner
    self._context.run(self.run)
    ~~~~~~~~~~~~~~~~~^^^^^^^^^^
  File "C:\Users\Rihana\AppData\Local\Programs\Python\Python314\Lib\threading.py", line 1024, in run
    self._target(*self._args, **self._kwargs)
    ~~~~~~~~~~~~^^^^^^^^^^^^^^^^^^^^^^^^^^^^^
  File "C:\Users\Rihana\Desktop\doc-video\.venv\Lib\site-packages\django\utils\autoreload.py", line 64, in wrapper
    fn(*args, **kwargs)
    ~~^^^^^^^^^^^^^^^^^
  File "C:\Users\Rihana\Desktop\doc-video\.venv\Lib\site-packages\django\core\management\commands\runserver.py", line 134, in inner_run
    self.check(display_num_errors=True)
    ~~~~~~~~~~^^^^^^^^^^^^^^^^^^^^^^^^^
  File "C:\Users\Rihana\Desktop\doc-video\.venv\Lib\site-packages\django\core\management\base.py", line 486, in check
    all_issues = checks.run_checks(
        app_configs=app_configs,
    ...<2 lines>...
        databases=databases,
    )
  File "C:\Users\Rihana\Desktop\doc-video\.venv\Lib\site-packages\django\core\checks\registry.py", line 88, in run_checks
    new_errors = check(app_configs=app_configs, databases=databases)
  File "C:\Users\Rihana\Desktop\doc-video\.venv\Lib\site-packages\django\core\checks\urls.py", line 16, in check_url_config
    return check_resolver(resolver)
  File "C:\Users\Rihana\Desktop\doc-video\.venv\Lib\site-packages\django\core\checks\urls.py", line 26, in check_resolver
    return check_method()
  File "C:\Users\Rihana\Desktop\doc-video\.venv\Lib\site-packages\django\urls\resolvers.py", line 531, in check
    for pattern in self.url_patterns:
                   ^^^^^^^^^^^^^^^^^
  File "C:\Users\Rihana\Desktop\doc-video\.venv\Lib\site-packages\django\utils\functional.py", line 47, in __get__
    res = instance.__dict__[self.name] = self.func(instance)
                                         ~~~~~~~~~^^^^^^^^^^
  File "C:\Users\Rihana\Desktop\doc-video\.venv\Lib\site-packages\django\urls\resolvers.py", line 718, in url_patterns
    patterns = getattr(self.urlconf_module, "urlpatterns", self.urlconf_module)
                       ^^^^^^^^^^^^^^^^^^^
  File "C:\Users\Rihana\Desktop\doc-video\.venv\Lib\site-packages\django\utils\functional.py", line 47, in __get__
    res = instance.__dict__[self.name] = self.func(instance)
                                         ~~~~~~~~~^^^^^^^^^^
  File "C:\Users\Rihana\Desktop\doc-video\.venv\Lib\site-packages\django\urls\resolvers.py", line 711, in urlconf_module
    return import_module(self.urlconf_name)
  File "C:\Users\Rihana\AppData\Local\Programs\Python\Python314\Lib\importlib\__init__.py", line 88, in import_module
    return _bootstrap._gcd_import(name[level:], package, level)
           ~~~~~~~~~~~~~~~~~~~~~~^^^^^^^^^^^^^^^^^^^^^^^^^^^^^^
  File "<frozen importlib._bootstrap>", line 1398, in _gcd_import
  File "<frozen importlib._bootstrap>", line 1371, in _find_and_load
  File "<frozen importlib._bootstrap>", line 1342, in _find_and_load_unlocked
  File "<frozen importlib._bootstrap>", line 938, in _load_unlocked
  File "<frozen importlib._bootstrap_external>", line 759, in exec_module
  File "<frozen importlib._bootstrap>", line 491, in _call_with_frames_removed
  File "C:\Users\Rihana\Desktop\doc-video\backend\backend\urls.py", line 24, in <module>
    path('api/', include('converter.urls')),
                 ~~~~~~~^^^^^^^^^^^^^^^^^^
  File "C:\Users\Rihana\Desktop\doc-video\.venv\Lib\site-packages\django\urls\conf.py", line 39, in include
    urlconf_module = import_module(urlconf_module)
  File "C:\Users\Rihana\AppData\Local\Programs\Python\Python314\Lib\importlib\__init__.py", line 88, in import_module
    return _bootstrap._gcd_import(name[level:], package, level)
           ~~~~~~~~~~~~~~~~~~~~~~^^^^^^^^^^^^^^^^^^^^^^^^^^^^^^
  File "<frozen importlib._bootstrap>", line 1398, in _gcd_import
  File "<frozen importlib._bootstrap>", line 1371, in _find_and_load
  File "<frozen importlib._bootstrap>", line 1342, in _find_and_load_unlocked
  File "<frozen importlib._bootstrap>", line 938, in _load_unlocked
  File "<frozen importlib._bootstrap_external>", line 759, in exec_module
  File "<frozen importlib._bootstrap>", line 491, in _call_with_frames_removed
  File "C:\Users\Rihana\Desktop\doc-video\backend\converter\urls.py", line 3, in <module>
    from .views import DocumentToVideoView, HealthView
  File "C:\Users\Rihana\Desktop\doc-video\backend\converter\views.py", line 220
    if narration_enabled:
SyntaxError: expected 'except' or 'finally' block
C:\Users\Rihana\Desktop\doc-video\backend\converter\views.py changed, reloading.
Watching for file changes with StatReloader
C:\Users\Rihana\Desktop\doc-video\backend\converter\views.py changed, reloading.
Watching for file changes with StatReloader
Exception in thread django-main-thread:
Traceback (most recent call last):
  File "C:\Users\Rihana\AppData\Local\Programs\Python\Python314\Lib\threading.py", line 1082, in _bootstrap_inner
    self._context.run(self.run)
    ~~~~~~~~~~~~~~~~~^^^^^^^^^^
  File "C:\Users\Rihana\AppData\Local\Programs\Python\Python314\Lib\threading.py", line 1024, in run
    self._target(*self._args, **self._kwargs)
    ~~~~~~~~~~~~^^^^^^^^^^^^^^^^^^^^^^^^^^^^^
  File "C:\Users\Rihana\Desktop\doc-video\.venv\Lib\site-packages\django\utils\autoreload.py", line 64, in wrapper
    fn(*args, **kwargs)
    ~~^^^^^^^^^^^^^^^^^
  File "C:\Users\Rihana\Desktop\doc-video\.venv\Lib\site-packages\django\core\management\commands\runserver.py", line 134, in inner_run
    self.check(display_num_errors=True)
    ~~~~~~~~~~^^^^^^^^^^^^^^^^^^^^^^^^^
  File "C:\Users\Rihana\Desktop\doc-video\.venv\Lib\site-packages\django\core\management\base.py", line 486, in check
    all_issues = checks.run_checks(
        app_configs=app_configs,
    ...<2 lines>...
        databases=databases,
    )
  File "C:\Users\Rihana\Desktop\doc-video\.venv\Lib\site-packages\django\core\checks\registry.py", line 88, in run_checks
    new_errors = check(app_configs=app_configs, databases=databases)
  File "C:\Users\Rihana\Desktop\doc-video\.venv\Lib\site-packages\django\core\checks\urls.py", line 16, in check_url_config
    return check_resolver(resolver)
  File "C:\Users\Rihana\Desktop\doc-video\.venv\Lib\site-packages\django\core\checks\urls.py", line 26, in check_resolver
    return check_method()
  File "C:\Users\Rihana\Desktop\doc-video\.venv\Lib\site-packages\django\urls\resolvers.py", line 531, in check
    for pattern in self.url_patterns:
                   ^^^^^^^^^^^^^^^^^
  File "C:\Users\Rihana\Desktop\doc-video\.venv\Lib\site-packages\django\utils\functional.py", line 47, in __get__
    res = instance.__dict__[self.name] = self.func(instance)
                                         ~~~~~~~~~^^^^^^^^^^
  File "C:\Users\Rihana\Desktop\doc-video\.venv\Lib\site-packages\django\urls\resolvers.py", line 718, in url_patterns
    patterns = getattr(self.urlconf_module, "urlpatterns", self.urlconf_module)
                       ^^^^^^^^^^^^^^^^^^^
  File "C:\Users\Rihana\Desktop\doc-video\.venv\Lib\site-packages\django\utils\functional.py", line 47, in __get__
    res = instance.__dict__[self.name] = self.func(instance)
                                         ~~~~~~~~~^^^^^^^^^^
  File "C:\Users\Rihana\Desktop\doc-video\.venv\Lib\site-packages\django\urls\resolvers.py", line 711, in urlconf_module
    return import_module(self.urlconf_name)
  File "C:\Users\Rihana\AppData\Local\Programs\Python\Python314\Lib\importlib\__init__.py", line 88, in import_module
    return _bootstrap._gcd_import(name[level:], package, level)
           ~~~~~~~~~~~~~~~~~~~~~~^^^^^^^^^^^^^^^^^^^^^^^^^^^^^^
  File "<frozen importlib._bootstrap>", line 1398, in _gcd_import
  File "<frozen importlib._bootstrap>", line 1371, in _find_and_load
  File "<frozen importlib._bootstrap>", line 1342, in _find_and_load_unlocked
  File "<frozen importlib._bootstrap>", line 938, in _load_unlocked
  File "<frozen importlib._bootstrap_external>", line 759, in exec_module
  File "<frozen importlib._bootstrap>", line 491, in _call_with_frames_removed
  File "C:\Users\Rihana\Desktop\doc-video\backend\backend\urls.py", line 24, in <module>
    path('api/', include('converter.urls')),
                 ~~~~~~~^^^^^^^^^^^^^^^^^^
  File "C:\Users\Rihana\Desktop\doc-video\.venv\Lib\site-packages\django\urls\conf.py", line 39, in include
    urlconf_module = import_module(urlconf_module)
  File "C:\Users\Rihana\AppData\Local\Programs\Python\Python314\Lib\importlib\__init__.py", line 88, in import_module
    return _bootstrap._gcd_import(name[level:], package, level)
           ~~~~~~~~~~~~~~~~~~~~~~^^^^^^^^^^^^^^^^^^^^^^^^^^^^^^
  File "<frozen importlib._bootstrap>", line 1398, in _gcd_import
  File "<frozen importlib._bootstrap>", line 1371, in _find_and_load
  File "<frozen importlib._bootstrap>", line 1342, in _find_and_load_unlocked
  File "<frozen importlib._bootstrap>", line 938, in _load_unlocked
  File "<frozen importlib._bootstrap_external>", line 759, in exec_module
  File "<frozen importlib._bootstrap>", line 491, in _call_with_frames_removed
  File "C:\Users\Rihana\Desktop\doc-video\backend\converter\urls.py", line 3, in <module>
    from .views import DocumentToVideoView, HealthView
  File "C:\Users\Rihana\Desktop\doc-video\backend\converter\views.py", line 220
    if narration_enabled:
SyntaxError: expected 'except' or 'finally' block
C:\Users\Rihana\Desktop\doc-video\backend\converter\views.py changed, reloading.
Watching for file changes with StatReloader
Exception in thread django-main-thread:
Traceback (most recent call last):
  File "C:\Users\Rihana\AppData\Local\Programs\Python\Python314\Lib\threading.py", line 1082, in _bootstrap_inner
    self._context.run(self.run)
    ~~~~~~~~~~~~~~~~~^^^^^^^^^^
  File "C:\Users\Rihana\AppData\Local\Programs\Python\Python314\Lib\threading.py", line 1024, in run
    self._target(*self._args, **self._kwargs)
    ~~~~~~~~~~~~^^^^^^^^^^^^^^^^^^^^^^^^^^^^^
  File "C:\Users\Rihana\Desktop\doc-video\.venv\Lib\site-packages\django\utils\autoreload.py", line 64, in wrapper
    fn(*args, **kwargs)
    ~~^^^^^^^^^^^^^^^^^
  File "C:\Users\Rihana\Desktop\doc-video\.venv\Lib\site-packages\django\core\management\commands\runserver.py", line 134, in inner_run
    self.check(display_num_errors=True)
    ~~~~~~~~~~^^^^^^^^^^^^^^^^^^^^^^^^^
  File "C:\Users\Rihana\Desktop\doc-video\.venv\Lib\site-packages\django\core\management\base.py", line 486, in check
    all_issues = checks.run_checks(
        app_configs=app_configs,
    ...<2 lines>...
        databases=databases,
    )
  File "C:\Users\Rihana\Desktop\doc-video\.venv\Lib\site-packages\django\core\checks\registry.py", line 88, in run_checks
    new_errors = check(app_configs=app_configs, databases=databases)
  File "C:\Users\Rihana\Desktop\doc-video\.venv\Lib\site-packages\django\core\checks\urls.py", line 16, in check_url_config
    return check_resolver(resolver)
  File "C:\Users\Rihana\Desktop\doc-video\.venv\Lib\site-packages\django\core\checks\urls.py", line 26, in check_resolver
    return check_method()
  File "C:\Users\Rihana\Desktop\doc-video\.venv\Lib\site-packages\django\urls\resolvers.py", line 531, in check
    for pattern in self.url_patterns:
                   ^^^^^^^^^^^^^^^^^
  File "C:\Users\Rihana\Desktop\doc-video\.venv\Lib\site-packages\django\utils\functional.py", line 47, in __get__
    res = instance.__dict__[self.name] = self.func(instance)
                                         ~~~~~~~~~^^^^^^^^^^
  File "C:\Users\Rihana\Desktop\doc-video\.venv\Lib\site-packages\django\urls\resolvers.py", line 718, in url_patterns
    patterns = getattr(self.urlconf_module, "urlpatterns", self.urlconf_module)
                       ^^^^^^^^^^^^^^^^^^^
  File "C:\Users\Rihana\Desktop\doc-video\.venv\Lib\site-packages\django\utils\functional.py", line 47, in __get__
    res = instance.__dict__[self.name] = self.func(instance)
                                         ~~~~~~~~~^^^^^^^^^^
  File "C:\Users\Rihana\Desktop\doc-video\.venv\Lib\site-packages\django\urls\resolvers.py", line 711, in urlconf_module
    return import_module(self.urlconf_name)
  File "C:\Users\Rihana\AppData\Local\Programs\Python\Python314\Lib\importlib\__init__.py", line 88, in import_module
    return _bootstrap._gcd_import(name[level:], package, level)
           ~~~~~~~~~~~~~~~~~~~~~~^^^^^^^^^^^^^^^^^^^^^^^^^^^^^^
  File "<frozen importlib._bootstrap>", line 1398, in _gcd_import
  File "<frozen importlib._bootstrap>", line 1371, in _find_and_load
  File "<frozen importlib._bootstrap>", line 1342, in _find_and_load_unlocked
  File "<frozen importlib._bootstrap>", line 938, in _load_unlocked
  File "<frozen importlib._bootstrap_external>", line 759, in exec_module
  File "<frozen importlib._bootstrap>", line 491, in _call_with_frames_removed
  File "C:\Users\Rihana\Desktop\doc-video\backend\backend\urls.py", line 24, in <module>
    path('api/', include('converter.urls')),
                 ~~~~~~~^^^^^^^^^^^^^^^^^^
  File "C:\Users\Rihana\Desktop\doc-video\.venv\Lib\site-packages\django\urls\conf.py", line 39, in include
    urlconf_module = import_module(urlconf_module)
  File "C:\Users\Rihana\AppData\Local\Programs\Python\Python314\Lib\importlib\__init__.py", line 88, in import_module
    return _bootstrap._gcd_import(name[level:], package, level)
           ~~~~~~~~~~~~~~~~~~~~~~^^^^^^^^^^^^^^^^^^^^^^^^^^^^^^
  File "<frozen importlib._bootstrap>", line 1398, in _gcd_import
  File "<frozen importlib._bootstrap>", line 1371, in _find_and_load
  File "<frozen importlib._bootstrap>", line 1342, in _find_and_load_unlocked
  File "<frozen importlib._bootstrap>", line 938, in _load_unlocked
  File "<frozen importlib._bootstrap_external>", line 759, in exec_module
  File "<frozen importlib._bootstrap>", line 491, in _call_with_frames_removed
  File "C:\Users\Rihana\Desktop\doc-video\backend\converter\urls.py", line 3, in <module>
    from .views import DocumentToVideoView, HealthView
  File "C:\Users\Rihana\Desktop\doc-video\backend\converter\views.py", line 220
    if narration_enabled:
    ^^
SyntaxError: expected 'except' or 'finally' block
C:\Users\Rihana\Desktop\doc-video\backend\converter\views.py changed, reloading.
Watching for file changes with StatReloader
C:\Users\Rihana\Desktop\doc-video\backend\converter\views.py changed, reloading.
Watching for file changes with StatReloader
Exception in thread django-main-thread:
Traceback (most recent call last):
  File "C:\Users\Rihana\AppData\Local\Programs\Python\Python314\Lib\threading.py", line 1082, in _bootstrap_inner
    self._context.run(self.run)
    ~~~~~~~~~~~~~~~~~^^^^^^^^^^
  File "C:\Users\Rihana\AppData\Local\Programs\Python\Python314\Lib\threading.py", line 1024, in run
    self._target(*self._args, **self._kwargs)
    ~~~~~~~~~~~~^^^^^^^^^^^^^^^^^^^^^^^^^^^^^
  File "C:\Users\Rihana\Desktop\doc-video\.venv\Lib\site-packages\django\utils\autoreload.py", line 64, in wrapper
    fn(*args, **kwargs)
    ~~^^^^^^^^^^^^^^^^^
  File "C:\Users\Rihana\Desktop\doc-video\.venv\Lib\site-packages\django\core\management\commands\runserver.py", line 134, in inner_run
    self.check(display_num_errors=True)
    ~~~~~~~~~~^^^^^^^^^^^^^^^^^^^^^^^^^
  File "C:\Users\Rihana\Desktop\doc-video\.venv\Lib\site-packages\django\core\management\base.py", line 486, in check
    all_issues = checks.run_checks(
        app_configs=app_configs,
    ...<2 lines>...
        databases=databases,
    )
  File "C:\Users\Rihana\Desktop\doc-video\.venv\Lib\site-packages\django\core\checks\registry.py", line 88, in run_checks
    new_errors = check(app_configs=app_configs, databases=databases)
  File "C:\Users\Rihana\Desktop\doc-video\.venv\Lib\site-packages\django\core\checks\urls.py", line 16, in check_url_config
    return check_resolver(resolver)
  File "C:\Users\Rihana\Desktop\doc-video\.venv\Lib\site-packages\django\core\checks\urls.py", line 26, in check_resolver
    return check_method()
  File "C:\Users\Rihana\Desktop\doc-video\.venv\Lib\site-packages\django\urls\resolvers.py", line 531, in check
    for pattern in self.url_patterns:
                   ^^^^^^^^^^^^^^^^^
  File "C:\Users\Rihana\Desktop\doc-video\.venv\Lib\site-packages\django\utils\functional.py", line 47, in __get__
    res = instance.__dict__[self.name] = self.func(instance)
                                         ~~~~~~~~~^^^^^^^^^^
  File "C:\Users\Rihana\Desktop\doc-video\.venv\Lib\site-packages\django\urls\resolvers.py", line 718, in url_patterns
    patterns = getattr(self.urlconf_module, "urlpatterns", self.urlconf_module)
                       ^^^^^^^^^^^^^^^^^^^
  File "C:\Users\Rihana\Desktop\doc-video\.venv\Lib\site-packages\django\utils\functional.py", line 47, in __get__
    res = instance.__dict__[self.name] = self.func(instance)
                                         ~~~~~~~~~^^^^^^^^^^
  File "C:\Users\Rihana\Desktop\doc-video\.venv\Lib\site-packages\django\urls\resolvers.py", line 711, in urlconf_module
    return import_module(self.urlconf_name)
  File "C:\Users\Rihana\AppData\Local\Programs\Python\Python314\Lib\importlib\__init__.py", line 88, in import_module
    return _bootstrap._gcd_import(name[level:], package, level)
           ~~~~~~~~~~~~~~~~~~~~~~^^^^^^^^^^^^^^^^^^^^^^^^^^^^^^
  File "<frozen importlib._bootstrap>", line 1398, in _gcd_import
  File "<frozen importlib._bootstrap>", line 1371, in _find_and_load
  File "<frozen importlib._bootstrap>", line 1342, in _find_and_load_unlocked
  File "<frozen importlib._bootstrap>", line 938, in _load_unlocked
  File "<frozen importlib._bootstrap_external>", line 759, in exec_module
  File "<frozen importlib._bootstrap>", line 491, in _call_with_frames_removed
  File "C:\Users\Rihana\Desktop\doc-video\backend\backend\urls.py", line 24, in <module>
    path('api/', include('converter.urls')),
                 ~~~~~~~^^^^^^^^^^^^^^^^^^
  File "C:\Users\Rihana\Desktop\doc-video\.venv\Lib\site-packages\django\urls\conf.py", line 39, in include
    urlconf_module = import_module(urlconf_module)
  File "C:\Users\Rihana\AppData\Local\Programs\Python\Python314\Lib\importlib\__init__.py", line 88, in import_module
    return _bootstrap._gcd_import(name[level:], package, level)
           ~~~~~~~~~~~~~~~~~~~~~~^^^^^^^^^^^^^^^^^^^^^^^^^^^^^^
  File "<frozen importlib._bootstrap>", line 1398, in _gcd_import
  File "<frozen importlib._bootstrap>", line 1371, in _find_and_load
  File "<frozen importlib._bootstrap>", line 1342, in _find_and_load_unlocked
  File "<frozen importlib._bootstrap>", line 938, in _load_unlocked
  File "<frozen importlib._bootstrap_external>", line 759, in exec_module
  File "<frozen importlib._bootstrap>", line 491, in _call_with_frames_removed
  File "C:\Users\Rihana\Desktop\doc-video\backend\converter\urls.py", line 3, in <module>
    from .views import DocumentToVideoView, HealthView
  File "C:\Users\Rihana\Desktop\doc-video\backend\converter\views.py", line 135
    return image_paths
    ^^^^^^^^^^^^^^^^^^
SyntaxError: 'return' outside function
C:\Users\Rihana\Desktop\doc-video\backend\converter\views.py changed, reloading.
Watching for file changes with StatReloader
C:\Users\Rihana\Desktop\doc-video\backend\converter\views.py changed, reloading.
Watching for file changes with StatReloader
Exception in thread django-main-thread:
Traceback (most recent call last):
  File "C:\Users\Rihana\AppData\Local\Programs\Python\Python314\Lib\threading.py", line 1082, in _bootstrap_inner
    self._context.run(self.run)
    ~~~~~~~~~~~~~~~~~^^^^^^^^^^
  File "C:\Users\Rihana\AppData\Local\Programs\Python\Python314\Lib\threading.py", line 1024, in run
    self._target(*self._args, **self._kwargs)
    ~~~~~~~~~~~~^^^^^^^^^^^^^^^^^^^^^^^^^^^^^
  File "C:\Users\Rihana\Desktop\doc-video\.venv\Lib\site-packages\django\utils\autoreload.py", line 64, in wrapper
    fn(*args, **kwargs)
    ~~^^^^^^^^^^^^^^^^^
  File "C:\Users\Rihana\Desktop\doc-video\.venv\Lib\site-packages\django\core\management\commands\runserver.py", line 134, in inner_run
    self.check(display_num_errors=True)
    ~~~~~~~~~~^^^^^^^^^^^^^^^^^^^^^^^^^
  File "C:\Users\Rihana\Desktop\doc-video\.venv\Lib\site-packages\django\core\management\base.py", line 486, in check
    all_issues = checks.run_checks(
        app_configs=app_configs,
    ...<2 lines>...
        databases=databases,
    )
  File "C:\Users\Rihana\Desktop\doc-video\.venv\Lib\site-packages\django\core\checks\registry.py", line 88, in run_checks
    new_errors = check(app_configs=app_configs, databases=databases)
  File "C:\Users\Rihana\Desktop\doc-video\.venv\Lib\site-packages\django\core\checks\urls.py", line 16, in check_url_config
    return check_resolver(resolver)
  File "C:\Users\Rihana\Desktop\doc-video\.venv\Lib\site-packages\django\core\checks\urls.py", line 26, in check_resolver
    return check_method()
  File "C:\Users\Rihana\Desktop\doc-video\.venv\Lib\site-packages\django\urls\resolvers.py", line 531, in check
    for pattern in self.url_patterns:
                   ^^^^^^^^^^^^^^^^^
  File "C:\Users\Rihana\Desktop\doc-video\.venv\Lib\site-packages\django\utils\functional.py", line 47, in __get__
    res = instance.__dict__[self.name] = self.func(instance)
                                         ~~~~~~~~~^^^^^^^^^^
  File "C:\Users\Rihana\Desktop\doc-video\.venv\Lib\site-packages\django\urls\resolvers.py", line 718, in url_patterns
    patterns = getattr(self.urlconf_module, "urlpatterns", self.urlconf_module)
                       ^^^^^^^^^^^^^^^^^^^
  File "C:\Users\Rihana\Desktop\doc-video\.venv\Lib\site-packages\django\utils\functional.py", line 47, in __get__
    res = instance.__dict__[self.name] = self.func(instance)
                                         ~~~~~~~~~^^^^^^^^^^
  File "C:\Users\Rihana\Desktop\doc-video\.venv\Lib\site-packages\django\urls\resolvers.py", line 711, in urlconf_module
    return import_module(self.urlconf_name)
  File "C:\Users\Rihana\AppData\Local\Programs\Python\Python314\Lib\importlib\__init__.py", line 88, in import_module
    return _bootstrap._gcd_import(name[level:], package, level)
           ~~~~~~~~~~~~~~~~~~~~~~^^^^^^^^^^^^^^^^^^^^^^^^^^^^^^
  File "<frozen importlib._bootstrap>", line 1398, in _gcd_import
  File "<frozen importlib._bootstrap>", line 1371, in _find_and_load
  File "<frozen importlib._bootstrap>", line 1342, in _find_and_load_unlocked
  File "<frozen importlib._bootstrap>", line 938, in _load_unlocked
  File "<frozen importlib._bootstrap_external>", line 759, in exec_module
  File "<frozen importlib._bootstrap>", line 491, in _call_with_frames_removed
  File "C:\Users\Rihana\Desktop\doc-video\backend\backend\urls.py", line 24, in <module>
    path('api/', include('converter.urls')),
                 ~~~~~~~^^^^^^^^^^^^^^^^^^
  File "C:\Users\Rihana\Desktop\doc-video\.venv\Lib\site-packages\django\urls\conf.py", line 39, in include
    urlconf_module = import_module(urlconf_module)
  File "C:\Users\Rihana\AppData\Local\Programs\Python\Python314\Lib\importlib\__init__.py", line 88, in import_module
    return _bootstrap._gcd_import(name[level:], package, level)
           ~~~~~~~~~~~~~~~~~~~~~~^^^^^^^^^^^^^^^^^^^^^^^^^^^^^^
  File "<frozen importlib._bootstrap>", line 1398, in _gcd_import
  File "<frozen importlib._bootstrap>", line 1371, in _find_and_load
  File "<frozen importlib._bootstrap>", line 1342, in _find_and_load_unlocked
  File "<frozen importlib._bootstrap>", line 938, in _load_unlocked
  File "<frozen importlib._bootstrap_external>", line 759, in exec_module
  File "<frozen importlib._bootstrap>", line 491, in _call_with_frames_removed
  File "C:\Users\Rihana\Desktop\doc-video\backend\converter\urls.py", line 3, in <module>
    from .views import DocumentToVideoView, HealthView
  File "C:\Users\Rihana\Desktop\doc-video\backend\converter\views.py", line 135
    return image_paths
    ^^^^^^^^^^^^^^^^^^
SyntaxError: 'return' outside function
C:\Users\Rihana\Desktop\doc-video\backend\converter\views.py changed, reloading.
Watching for file changes with StatReloader
C:\Users\Rihana\Desktop\doc-video\backend\converter\views.py changed, reloading.
Watching for file changes with StatReloader
Exception in thread django-main-thread:
Traceback (most recent call last):
  File "C:\Users\Rihana\AppData\Local\Programs\Python\Python314\Lib\threading.py", line 1082, in _bootstrap_inner
    self._context.run(self.run)
    ~~~~~~~~~~~~~~~~~^^^^^^^^^^
  File "C:\Users\Rihana\AppData\Local\Programs\Python\Python314\Lib\threading.py", line 1024, in run
    self._target(*self._args, **self._kwargs)
    ~~~~~~~~~~~~^^^^^^^^^^^^^^^^^^^^^^^^^^^^^
  File "C:\Users\Rihana\Desktop\doc-video\.venv\Lib\site-packages\django\utils\autoreload.py", line 64, in wrapper
    fn(*args, **kwargs)
    ~~^^^^^^^^^^^^^^^^^
  File "C:\Users\Rihana\Desktop\doc-video\.venv\Lib\site-packages\django\core\management\commands\runserver.py", line 134, in inner_run
    self.check(display_num_errors=True)
    ~~~~~~~~~~^^^^^^^^^^^^^^^^^^^^^^^^^
  File "C:\Users\Rihana\Desktop\doc-video\.venv\Lib\site-packages\django\core\management\base.py", line 486, in check
    all_issues = checks.run_checks(
        app_configs=app_configs,
    ...<2 lines>...
        databases=databases,
    )
  File "C:\Users\Rihana\Desktop\doc-video\.venv\Lib\site-packages\django\core\checks\registry.py", line 88, in run_checks
    new_errors = check(app_configs=app_configs, databases=databases)
  File "C:\Users\Rihana\Desktop\doc-video\.venv\Lib\site-packages\django\core\checks\urls.py", line 16, in check_url_config
    return check_resolver(resolver)
  File "C:\Users\Rihana\Desktop\doc-video\.venv\Lib\site-packages\django\core\checks\urls.py", line 26, in check_resolver
    return check_method()
  File "C:\Users\Rihana\Desktop\doc-video\.venv\Lib\site-packages\django\urls\resolvers.py", line 531, in check
    for pattern in self.url_patterns:
                   ^^^^^^^^^^^^^^^^^
  File "C:\Users\Rihana\Desktop\doc-video\.venv\Lib\site-packages\django\utils\functional.py", line 47, in __get__
    res = instance.__dict__[self.name] = self.func(instance)
                                         ~~~~~~~~~^^^^^^^^^^
  File "C:\Users\Rihana\Desktop\doc-video\.venv\Lib\site-packages\django\urls\resolvers.py", line 718, in url_patterns
    patterns = getattr(self.urlconf_module, "urlpatterns", self.urlconf_module)
                       ^^^^^^^^^^^^^^^^^^^
  File "C:\Users\Rihana\Desktop\doc-video\.venv\Lib\site-packages\django\utils\functional.py", line 47, in __get__
    res = instance.__dict__[self.name] = self.func(instance)
                                         ~~~~~~~~~^^^^^^^^^^
  File "C:\Users\Rihana\Desktop\doc-video\.venv\Lib\site-packages\django\urls\resolvers.py", line 711, in urlconf_module
    return import_module(self.urlconf_name)
  File "C:\Users\Rihana\AppData\Local\Programs\Python\Python314\Lib\importlib\__init__.py", line 88, in import_module
    return _bootstrap._gcd_import(name[level:], package, level)
           ~~~~~~~~~~~~~~~~~~~~~~^^^^^^^^^^^^^^^^^^^^^^^^^^^^^^
  File "<frozen importlib._bootstrap>", line 1398, in _gcd_import
  File "<frozen importlib._bootstrap>", line 1371, in _find_and_load
  File "<frozen importlib._bootstrap>", line 1342, in _find_and_load_unlocked
  File "<frozen importlib._bootstrap>", line 938, in _load_unlocked
  File "<frozen importlib._bootstrap_external>", line 759, in exec_module
  File "<frozen importlib._bootstrap>", line 491, in _call_with_frames_removed
  File "C:\Users\Rihana\Desktop\doc-video\backend\backend\urls.py", line 24, in <module>
    path('api/', include('converter.urls')),
                 ~~~~~~~^^^^^^^^^^^^^^^^^^
  File "C:\Users\Rihana\Desktop\doc-video\.venv\Lib\site-packages\django\urls\conf.py", line 39, in include
    urlconf_module = import_module(urlconf_module)
  File "C:\Users\Rihana\AppData\Local\Programs\Python\Python314\Lib\importlib\__init__.py", line 88, in import_module
    return _bootstrap._gcd_import(name[level:], package, level)
           ~~~~~~~~~~~~~~~~~~~~~~^^^^^^^^^^^^^^^^^^^^^^^^^^^^^^
  File "<frozen importlib._bootstrap>", line 1398, in _gcd_import
  File "<frozen importlib._bootstrap>", line 1371, in _find_and_load
  File "<frozen importlib._bootstrap>", line 1342, in _find_and_load_unlocked
  File "<frozen importlib._bootstrap>", line 938, in _load_unlocked
  File "<frozen importlib._bootstrap_external>", line 759, in exec_module
  File "<frozen importlib._bootstrap>", line 491, in _call_with_frames_removed
  File "C:\Users\Rihana\Desktop\doc-video\backend\converter\urls.py", line 3, in <module>
    from .views import DocumentToVideoView, HealthView
  File "C:\Users\Rihana\Desktop\doc-video\backend\converter\views.py", line 135
    return image_paths
    ^^^^^^^^^^^^^^^^^^
SyntaxError: 'return' outside function
C:\Users\Rihana\Desktop\doc-video\backend\converter\views.py changed, reloading.
Watching for file changes with StatReloader
[13/Mar/2026 15:28:02] "POST /api/convert/ HTTP/1.1" 201 135
[13/Mar/2026 15:28:03] "GET /media/jobs/102549da1d2d4429be1be5c7a133b062/video.mp4 HTTP/1.1" 200 558504
[13/Mar/2026 15:34:41] "POST /api/convert/ HTTP/1.1" 201 135
[13/Mar/2026 15:34:42] "GET /media/jobs/c4a37fb9603547bc9b674ef116674907/video.mp4 HTTP/1.1" 200 9805002
[13/Mar/2026 15:35:57] "POST /api/convert/ HTTP/1.1" 201 135
[13/Mar/2026 15:35:57] "GET /media/jobs/e141aab200ee4554aa601b354df9ca88/video.mp4 HTTP/1.1" 200 326960
C:\Users\Rihana\Desktop\doc-video\backend\converter\views.py changed, reloading.
-> Cannot close object; pdfium library is destroyed. This may cause a memory leak.
-> Cannot close object; pdfium library is destroyed. This may cause a memory leak.
Watching for file changes with StatReloader
Exception in thread django-main-thread:
Traceback (most recent call last):
  File "C:\Users\Rihana\AppData\Local\Programs\Python\Python314\Lib\threading.py", line 1082, in _bootstrap_inner
    self._context.run(self.run)
    ~~~~~~~~~~~~~~~~~^^^^^^^^^^
  File "C:\Users\Rihana\AppData\Local\Programs\Python\Python314\Lib\threading.py", line 1024, in run
    self._target(*self._args, **self._kwargs)
    ~~~~~~~~~~~~^^^^^^^^^^^^^^^^^^^^^^^^^^^^^
  File "C:\Users\Rihana\Desktop\doc-video\.venv\Lib\site-packages\django\utils\autoreload.py", line 64, in wrapper
    fn(*args, **kwargs)
    ~~^^^^^^^^^^^^^^^^^
  File "C:\Users\Rihana\Desktop\doc-video\.venv\Lib\site-packages\django\core\management\commands\runserver.py", line 134, in inner_run
    self.check(display_num_errors=True)
    ~~~~~~~~~~^^^^^^^^^^^^^^^^^^^^^^^^^
  File "C:\Users\Rihana\Desktop\doc-video\.venv\Lib\site-packages\django\core\management\base.py", line 486, in check
    all_issues = checks.run_checks(
        app_configs=app_configs,
    ...<2 lines>...
        databases=databases,
    )
  File "C:\Users\Rihana\Desktop\doc-video\.venv\Lib\site-packages\django\core\checks\registry.py", line 88, in run_checks
    new_errors = check(app_configs=app_configs, databases=databases)
  File "C:\Users\Rihana\Desktop\doc-video\.venv\Lib\site-packages\django\core\checks\urls.py", line 16, in check_url_config
    return check_resolver(resolver)
  File "C:\Users\Rihana\Desktop\doc-video\.venv\Lib\site-packages\django\core\checks\urls.py", line 26, in check_resolver
    return check_method()
  File "C:\Users\Rihana\Desktop\doc-video\.venv\Lib\site-packages\django\urls\resolvers.py", line 531, in check
    for pattern in self.url_patterns:
                   ^^^^^^^^^^^^^^^^^
  File "C:\Users\Rihana\Desktop\doc-video\.venv\Lib\site-packages\django\utils\functional.py", line 47, in __get__
    res = instance.__dict__[self.name] = self.func(instance)
                                         ~~~~~~~~~^^^^^^^^^^
  File "C:\Users\Rihana\Desktop\doc-video\.venv\Lib\site-packages\django\urls\resolvers.py", line 718, in url_patterns
    patterns = getattr(self.urlconf_module, "urlpatterns", self.urlconf_module)
                       ^^^^^^^^^^^^^^^^^^^
  File "C:\Users\Rihana\Desktop\doc-video\.venv\Lib\site-packages\django\utils\functional.py", line 47, in __get__
    res = instance.__dict__[self.name] = self.func(instance)
                                         ~~~~~~~~~^^^^^^^^^^
  File "C:\Users\Rihana\Desktop\doc-video\.venv\Lib\site-packages\django\urls\resolvers.py", line 711, in urlconf_module
    return import_module(self.urlconf_name)
  File "C:\Users\Rihana\AppData\Local\Programs\Python\Python314\Lib\importlib\__init__.py", line 88, in import_module
    return _bootstrap._gcd_import(name[level:], package, level)
           ~~~~~~~~~~~~~~~~~~~~~~^^^^^^^^^^^^^^^^^^^^^^^^^^^^^^
  File "<frozen importlib._bootstrap>", line 1398, in _gcd_import
  File "<frozen importlib._bootstrap>", line 1371, in _find_and_load
  File "<frozen importlib._bootstrap>", line 1342, in _find_and_load_unlocked
  File "<frozen importlib._bootstrap>", line 938, in _load_unlocked
  File "<frozen importlib._bootstrap_external>", line 759, in exec_module
  File "<frozen importlib._bootstrap>", line 491, in _call_with_frames_removed
  File "C:\Users\Rihana\Desktop\doc-video\backend\backend\urls.py", line 24, in <module>
    path('api/', include('converter.urls')),
                 ~~~~~~~^^^^^^^^^^^^^^^^^^
  File "C:\Users\Rihana\Desktop\doc-video\.venv\Lib\site-packages\django\urls\conf.py", line 39, in include
    urlconf_module = import_module(urlconf_module)
  File "C:\Users\Rihana\AppData\Local\Programs\Python\Python314\Lib\importlib\__init__.py", line 88, in import_module
    return _bootstrap._gcd_import(name[level:], package, level)
           ~~~~~~~~~~~~~~~~~~~~~~^^^^^^^^^^^^^^^^^^^^^^^^^^^^^^
  File "<frozen importlib._bootstrap>", line 1398, in _gcd_import
  File "<frozen importlib._bootstrap>", line 1371, in _find_and_load
  File "<frozen importlib._bootstrap>", line 1342, in _find_and_load_unlocked
  File "<frozen importlib._bootstrap>", line 938, in _load_unlocked
  File "<frozen importlib._bootstrap_external>", line 759, in exec_module
  File "<frozen importlib._bootstrap>", line 491, in _call_with_frames_removed
  File "C:\Users\Rihana\Desktop\doc-video\backend\converter\urls.py", line 3, in <module>
    from .views import DocumentToVideoView, HealthView
  File "C:\Users\Rihana\Desktop\doc-video\backend\converter\views.py", line 126
    chunks = chunk_text(text)
    ^^^^^^
IndentationError: expected an indented block after 'if' statement on line 125
C:\Users\Rihana\Desktop\doc-video\backend\converter\views.py changed, reloading.
Watching for file changes with StatReloader
Exception in thread django-main-thread:
Traceback (most recent call last):
  File "C:\Users\Rihana\AppData\Local\Programs\Python\Python314\Lib\threading.py", line 1082, in _bootstrap_inner
    self._context.run(self.run)
    ~~~~~~~~~~~~~~~~~^^^^^^^^^^
  File "C:\Users\Rihana\AppData\Local\Programs\Python\Python314\Lib\threading.py", line 1024, in run
    self._target(*self._args, **self._kwargs)
    ~~~~~~~~~~~~^^^^^^^^^^^^^^^^^^^^^^^^^^^^^
  File "C:\Users\Rihana\Desktop\doc-video\.venv\Lib\site-packages\django\utils\autoreload.py", line 64, in wrapper
    fn(*args, **kwargs)
    ~~^^^^^^^^^^^^^^^^^
  File "C:\Users\Rihana\Desktop\doc-video\.venv\Lib\site-packages\django\core\management\commands\runserver.py", line 134, in inner_run
    self.check(display_num_errors=True)
    ~~~~~~~~~~^^^^^^^^^^^^^^^^^^^^^^^^^
  File "C:\Users\Rihana\Desktop\doc-video\.venv\Lib\site-packages\django\core\management\base.py", line 486, in check
    all_issues = checks.run_checks(
        app_configs=app_configs,
    ...<2 lines>...
        databases=databases,
    )
  File "C:\Users\Rihana\Desktop\doc-video\.venv\Lib\site-packages\django\core\checks\registry.py", line 88, in run_checks
    new_errors = check(app_configs=app_configs, databases=databases)
  File "C:\Users\Rihana\Desktop\doc-video\.venv\Lib\site-packages\django\core\checks\urls.py", line 16, in check_url_config
    return check_resolver(resolver)
  File "C:\Users\Rihana\Desktop\doc-video\.venv\Lib\site-packages\django\core\checks\urls.py", line 26, in check_resolver
    return check_method()
  File "C:\Users\Rihana\Desktop\doc-video\.venv\Lib\site-packages\django\urls\resolvers.py", line 531, in check
    for pattern in self.url_patterns:
                   ^^^^^^^^^^^^^^^^^
  File "C:\Users\Rihana\Desktop\doc-video\.venv\Lib\site-packages\django\utils\functional.py", line 47, in __get__
    res = instance.__dict__[self.name] = self.func(instance)
                                         ~~~~~~~~~^^^^^^^^^^
  File "C:\Users\Rihana\Desktop\doc-video\.venv\Lib\site-packages\django\urls\resolvers.py", line 718, in url_patterns
    patterns = getattr(self.urlconf_module, "urlpatterns", self.urlconf_module)
                       ^^^^^^^^^^^^^^^^^^^
  File "C:\Users\Rihana\Desktop\doc-video\.venv\Lib\site-packages\django\utils\functional.py", line 47, in __get__
    res = instance.__dict__[self.name] = self.func(instance)
                                         ~~~~~~~~~^^^^^^^^^^
  File "C:\Users\Rihana\Desktop\doc-video\.venv\Lib\site-packages\django\urls\resolvers.py", line 711, in urlconf_module
    return import_module(self.urlconf_name)
  File "C:\Users\Rihana\AppData\Local\Programs\Python\Python314\Lib\importlib\__init__.py", line 88, in import_module
    return _bootstrap._gcd_import(name[level:], package, level)
           ~~~~~~~~~~~~~~~~~~~~~~^^^^^^^^^^^^^^^^^^^^^^^^^^^^^^
  File "<frozen importlib._bootstrap>", line 1398, in _gcd_import
  File "<frozen importlib._bootstrap>", line 1371, in _find_and_load
  File "<frozen importlib._bootstrap>", line 1342, in _find_and_load_unlocked
  File "<frozen importlib._bootstrap>", line 938, in _load_unlocked
  File "<frozen importlib._bootstrap_external>", line 759, in exec_module
  File "<frozen importlib._bootstrap>", line 491, in _call_with_frames_removed
  File "C:\Users\Rihana\Desktop\doc-video\backend\backend\urls.py", line 24, in <module>
    path('api/', include('converter.urls')),
                 ~~~~~~~^^^^^^^^^^^^^^^^^^
  File "C:\Users\Rihana\Desktop\doc-video\.venv\Lib\site-packages\django\urls\conf.py", line 39, in include
    urlconf_module = import_module(urlconf_module)
  File "C:\Users\Rihana\AppData\Local\Programs\Python\Python314\Lib\importlib\__init__.py", line 88, in import_module
    return _bootstrap._gcd_import(name[level:], package, level)
           ~~~~~~~~~~~~~~~~~~~~~~^^^^^^^^^^^^^^^^^^^^^^^^^^^^^^
  File "<frozen importlib._bootstrap>", line 1398, in _gcd_import
  File "<frozen importlib._bootstrap>", line 1371, in _find_and_load
  File "<frozen importlib._bootstrap>", line 1342, in _find_and_load_unlocked
  File "<frozen importlib._bootstrap>", line 938, in _load_unlocked
  File "<frozen importlib._bootstrap_external>", line 759, in exec_module
  File "<frozen importlib._bootstrap>", line 491, in _call_with_frames_removed
  File "C:\Users\Rihana\Desktop\doc-video\backend\converter\urls.py", line 3, in <module>
    from .views import DocumentToVideoView, HealthView
  File "C:\Users\Rihana\Desktop\doc-video\backend\converter\views.py", line 126
    chunks = chunk_text(text)
    ^^^^^^
IndentationError: expected an indented block after 'if' statement on line 125
C:\Users\Rihana\Desktop\doc-video\backend\converter\views.py changed, reloading.
Watching for file changes with StatReloader
Exception in thread django-main-thread:
Traceback (most recent call last):
  File "C:\Users\Rihana\AppData\Local\Programs\Python\Python314\Lib\threading.py", line 1082, in _bootstrap_inner
    self._context.run(self.run)
    ~~~~~~~~~~~~~~~~~^^^^^^^^^^
  File "C:\Users\Rihana\AppData\Local\Programs\Python\Python314\Lib\threading.py", line 1024, in run
    self._target(*self._args, **self._kwargs)
    ~~~~~~~~~~~~^^^^^^^^^^^^^^^^^^^^^^^^^^^^^
  File "C:\Users\Rihana\Desktop\doc-video\.venv\Lib\site-packages\django\utils\autoreload.py", line 64, in wrapper
    fn(*args, **kwargs)
    ~~^^^^^^^^^^^^^^^^^
  File "C:\Users\Rihana\Desktop\doc-video\.venv\Lib\site-packages\django\core\management\commands\runserver.py", line 134, in inner_run
    self.check(display_num_errors=True)
    ~~~~~~~~~~^^^^^^^^^^^^^^^^^^^^^^^^^
  File "C:\Users\Rihana\Desktop\doc-video\.venv\Lib\site-packages\django\core\management\base.py", line 486, in check
    all_issues = checks.run_checks(
        app_configs=app_configs,
    ...<2 lines>...
        databases=databases,
    )
  File "C:\Users\Rihana\Desktop\doc-video\.venv\Lib\site-packages\django\core\checks\registry.py", line 88, in run_checks
    new_errors = check(app_configs=app_configs, databases=databases)
  File "C:\Users\Rihana\Desktop\doc-video\.venv\Lib\site-packages\django\core\checks\urls.py", line 16, in check_url_config
    return check_resolver(resolver)
  File "C:\Users\Rihana\Desktop\doc-video\.venv\Lib\site-packages\django\core\checks\urls.py", line 26, in check_resolver
    return check_method()
  File "C:\Users\Rihana\Desktop\doc-video\.venv\Lib\site-packages\django\urls\resolvers.py", line 531, in check
    for pattern in self.url_patterns:
                   ^^^^^^^^^^^^^^^^^
  File "C:\Users\Rihana\Desktop\doc-video\.venv\Lib\site-packages\django\utils\functional.py", line 47, in __get__
    res = instance.__dict__[self.name] = self.func(instance)
                                         ~~~~~~~~~^^^^^^^^^^
  File "C:\Users\Rihana\Desktop\doc-video\.venv\Lib\site-packages\django\urls\resolvers.py", line 718, in url_patterns
    patterns = getattr(self.urlconf_module, "urlpatterns", self.urlconf_module)
                       ^^^^^^^^^^^^^^^^^^^
  File "C:\Users\Rihana\Desktop\doc-video\.venv\Lib\site-packages\django\utils\functional.py", line 47, in __get__
    res = instance.__dict__[self.name] = self.func(instance)
                                         ~~~~~~~~~^^^^^^^^^^
  File "C:\Users\Rihana\Desktop\doc-video\.venv\Lib\site-packages\django\urls\resolvers.py", line 711, in urlconf_module
    return import_module(self.urlconf_name)
  File "C:\Users\Rihana\AppData\Local\Programs\Python\Python314\Lib\importlib\__init__.py", line 88, in import_module
    return _bootstrap._gcd_import(name[level:], package, level)
           ~~~~~~~~~~~~~~~~~~~~~~^^^^^^^^^^^^^^^^^^^^^^^^^^^^^^
  File "<frozen importlib._bootstrap>", line 1398, in _gcd_import
  File "<frozen importlib._bootstrap>", line 1371, in _find_and_load
  File "<frozen importlib._bootstrap>", line 1342, in _find_and_load_unlocked
  File "<frozen importlib._bootstrap>", line 938, in _load_unlocked
  File "<frozen importlib._bootstrap_external>", line 759, in exec_module
  File "<frozen importlib._bootstrap>", line 491, in _call_with_frames_removed
  File "C:\Users\Rihana\Desktop\doc-video\backend\backend\urls.py", line 24, in <module>
    path('api/', include('converter.urls')),
                 ~~~~~~~^^^^^^^^^^^^^^^^^^
  File "C:\Users\Rihana\Desktop\doc-video\.venv\Lib\site-packages\django\urls\conf.py", line 39, in include
    urlconf_module = import_module(urlconf_module)
  File "C:\Users\Rihana\AppData\Local\Programs\Python\Python314\Lib\importlib\__init__.py", line 88, in import_module
    return _bootstrap._gcd_import(name[level:], package, level)
           ~~~~~~~~~~~~~~~~~~~~~~^^^^^^^^^^^^^^^^^^^^^^^^^^^^^^
  File "<frozen importlib._bootstrap>", line 1398, in _gcd_import
  File "<frozen importlib._bootstrap>", line 1371, in _find_and_load
  File "<frozen importlib._bootstrap>", line 1342, in _find_and_load_unlocked
  File "<frozen importlib._bootstrap>", line 938, in _load_unlocked
  File "<frozen importlib._bootstrap_external>", line 759, in exec_module
  File "<frozen importlib._bootstrap>", line 491, in _call_with_frames_removed
  File "C:\Users\Rihana\Desktop\doc-video\backend\converter\urls.py", line 3, in <module>
    from .views import DocumentToVideoView, HealthView
  File "C:\Users\Rihana\Desktop\doc-video\backend\converter\views.py", line 126
    chunks = chunk_text(text)
    ^^^^^^
IndentationError: expected an indented block after 'if' statement on line 125
C:\Users\Rihana\Desktop\doc-video\backend\converter\views.py changed, reloading.
Watching for file changes with StatReloader
Exception in thread django-main-thread:
Traceback (most recent call last):
  File "C:\Users\Rihana\AppData\Local\Programs\Python\Python314\Lib\threading.py", line 1082, in _bootstrap_inner
    self._context.run(self.run)
    ~~~~~~~~~~~~~~~~~^^^^^^^^^^
  File "C:\Users\Rihana\AppData\Local\Programs\Python\Python314\Lib\threading.py", line 1024, in run
    self._target(*self._args, **self._kwargs)
    ~~~~~~~~~~~~^^^^^^^^^^^^^^^^^^^^^^^^^^^^^
  File "C:\Users\Rihana\Desktop\doc-video\.venv\Lib\site-packages\django\utils\autoreload.py", line 64, in wrapper
    fn(*args, **kwargs)
    ~~^^^^^^^^^^^^^^^^^
  File "C:\Users\Rihana\Desktop\doc-video\.venv\Lib\site-packages\django\core\management\commands\runserver.py", line 134, in inner_run
    self.check(display_num_errors=True)
    ~~~~~~~~~~^^^^^^^^^^^^^^^^^^^^^^^^^
  File "C:\Users\Rihana\Desktop\doc-video\.venv\Lib\site-packages\django\core\management\base.py", line 486, in check
    all_issues = checks.run_checks(
        app_configs=app_configs,
    ...<2 lines>...
        databases=databases,
    )
  File "C:\Users\Rihana\Desktop\doc-video\.venv\Lib\site-packages\django\core\checks\registry.py", line 88, in run_checks
    new_errors = check(app_configs=app_configs, databases=databases)
  File "C:\Users\Rihana\Desktop\doc-video\.venv\Lib\site-packages\django\core\checks\urls.py", line 16, in check_url_config
    return check_resolver(resolver)
  File "C:\Users\Rihana\Desktop\doc-video\.venv\Lib\site-packages\django\core\checks\urls.py", line 26, in check_resolver
    return check_method()
  File "C:\Users\Rihana\Desktop\doc-video\.venv\Lib\site-packages\django\urls\resolvers.py", line 531, in check
    for pattern in self.url_patterns:
                   ^^^^^^^^^^^^^^^^^
  File "C:\Users\Rihana\Desktop\doc-video\.venv\Lib\site-packages\django\utils\functional.py", line 47, in __get__
    res = instance.__dict__[self.name] = self.func(instance)
                                         ~~~~~~~~~^^^^^^^^^^
  File "C:\Users\Rihana\Desktop\doc-video\.venv\Lib\site-packages\django\urls\resolvers.py", line 718, in url_patterns
    patterns = getattr(self.urlconf_module, "urlpatterns", self.urlconf_module)
                       ^^^^^^^^^^^^^^^^^^^
  File "C:\Users\Rihana\Desktop\doc-video\.venv\Lib\site-packages\django\utils\functional.py", line 47, in __get__
    res = instance.__dict__[self.name] = self.func(instance)
                                         ~~~~~~~~~^^^^^^^^^^
  File "C:\Users\Rihana\Desktop\doc-video\.venv\Lib\site-packages\django\urls\resolvers.py", line 711, in urlconf_module
    return import_module(self.urlconf_name)
  File "C:\Users\Rihana\AppData\Local\Programs\Python\Python314\Lib\importlib\__init__.py", line 88, in import_module
    return _bootstrap._gcd_import(name[level:], package, level)
           ~~~~~~~~~~~~~~~~~~~~~~^^^^^^^^^^^^^^^^^^^^^^^^^^^^^^
  File "<frozen importlib._bootstrap>", line 1398, in _gcd_import
  File "<frozen importlib._bootstrap>", line 1371, in _find_and_load
  File "<frozen importlib._bootstrap>", line 1342, in _find_and_load_unlocked
  File "<frozen importlib._bootstrap>", line 938, in _load_unlocked
  File "<frozen importlib._bootstrap_external>", line 759, in exec_module
  File "<frozen importlib._bootstrap>", line 491, in _call_with_frames_removed
  File "C:\Users\Rihana\Desktop\doc-video\backend\backend\urls.py", line 24, in <module>
    path('api/', include('converter.urls')),
                 ~~~~~~~^^^^^^^^^^^^^^^^^^
  File "C:\Users\Rihana\Desktop\doc-video\.venv\Lib\site-packages\django\urls\conf.py", line 39, in include
    urlconf_module = import_module(urlconf_module)
  File "C:\Users\Rihana\AppData\Local\Programs\Python\Python314\Lib\importlib\__init__.py", line 88, in import_module
    return _bootstrap._gcd_import(name[level:], package, level)
           ~~~~~~~~~~~~~~~~~~~~~~^^^^^^^^^^^^^^^^^^^^^^^^^^^^^^
  File "<frozen importlib._bootstrap>", line 1398, in _gcd_import
  File "<frozen importlib._bootstrap>", line 1371, in _find_and_load
  File "<frozen importlib._bootstrap>", line 1342, in _find_and_load_unlocked
  File "<frozen importlib._bootstrap>", line 938, in _load_unlocked
  File "<frozen importlib._bootstrap_external>", line 759, in exec_module
  File "<frozen importlib._bootstrap>", line 491, in _call_with_frames_removed
  File "C:\Users\Rihana\Desktop\doc-video\backend\converter\urls.py", line 3, in <module>
    from .views import DocumentToVideoView, HealthView
  File "C:\Users\Rihana\Desktop\doc-video\backend\converter\views.py", line 127
    else:
    ^^^^
SyntaxError: invalid syntax
C:\Users\Rihana\Desktop\doc-video\backend\converter\views.py changed, reloading.
Watching for file changes with StatReloader
Exception in thread django-main-thread:
Traceback (most recent call last):
  File "C:\Users\Rihana\AppData\Local\Programs\Python\Python314\Lib\threading.py", line 1082, in _bootstrap_inner
    self._context.run(self.run)
    ~~~~~~~~~~~~~~~~~^^^^^^^^^^
  File "C:\Users\Rihana\AppData\Local\Programs\Python\Python314\Lib\threading.py", line 1024, in run
    self._target(*self._args, **self._kwargs)
    ~~~~~~~~~~~~^^^^^^^^^^^^^^^^^^^^^^^^^^^^^
  File "C:\Users\Rihana\Desktop\doc-video\.venv\Lib\site-packages\django\utils\autoreload.py", line 64, in wrapper
    fn(*args, **kwargs)
    ~~^^^^^^^^^^^^^^^^^
  File "C:\Users\Rihana\Desktop\doc-video\.venv\Lib\site-packages\django\core\management\commands\runserver.py", line 134, in inner_run
    self.check(display_num_errors=True)
    ~~~~~~~~~~^^^^^^^^^^^^^^^^^^^^^^^^^
  File "C:\Users\Rihana\Desktop\doc-video\.venv\Lib\site-packages\django\core\management\base.py", line 486, in check
    all_issues = checks.run_checks(
        app_configs=app_configs,
    ...<2 lines>...
        databases=databases,
    )
  File "C:\Users\Rihana\Desktop\doc-video\.venv\Lib\site-packages\django\core\checks\registry.py", line 88, in run_checks
    new_errors = check(app_configs=app_configs, databases=databases)
  File "C:\Users\Rihana\Desktop\doc-video\.venv\Lib\site-packages\django\core\checks\urls.py", line 16, in check_url_config
    return check_resolver(resolver)
  File "C:\Users\Rihana\Desktop\doc-video\.venv\Lib\site-packages\django\core\checks\urls.py", line 26, in check_resolver
    return check_method()
  File "C:\Users\Rihana\Desktop\doc-video\.venv\Lib\site-packages\django\urls\resolvers.py", line 531, in check
    for pattern in self.url_patterns:
                   ^^^^^^^^^^^^^^^^^
  File "C:\Users\Rihana\Desktop\doc-video\.venv\Lib\site-packages\django\utils\functional.py", line 47, in __get__
    res = instance.__dict__[self.name] = self.func(instance)
                                         ~~~~~~~~~^^^^^^^^^^
  File "C:\Users\Rihana\Desktop\doc-video\.venv\Lib\site-packages\django\urls\resolvers.py", line 718, in url_patterns
    patterns = getattr(self.urlconf_module, "urlpatterns", self.urlconf_module)
                       ^^^^^^^^^^^^^^^^^^^
  File "C:\Users\Rihana\Desktop\doc-video\.venv\Lib\site-packages\django\utils\functional.py", line 47, in __get__
    res = instance.__dict__[self.name] = self.func(instance)
                                         ~~~~~~~~~^^^^^^^^^^
  File "C:\Users\Rihana\Desktop\doc-video\.venv\Lib\site-packages\django\urls\resolvers.py", line 711, in urlconf_module
    return import_module(self.urlconf_name)
  File "C:\Users\Rihana\AppData\Local\Programs\Python\Python314\Lib\importlib\__init__.py", line 88, in import_module
    return _bootstrap._gcd_import(name[level:], package, level)
           ~~~~~~~~~~~~~~~~~~~~~~^^^^^^^^^^^^^^^^^^^^^^^^^^^^^^
  File "<frozen importlib._bootstrap>", line 1398, in _gcd_import
  File "<frozen importlib._bootstrap>", line 1371, in _find_and_load
  File "<frozen importlib._bootstrap>", line 1342, in _find_and_load_unlocked
  File "<frozen importlib._bootstrap>", line 938, in _load_unlocked
  File "<frozen importlib._bootstrap_external>", line 759, in exec_module
  File "<frozen importlib._bootstrap>", line 491, in _call_with_frames_removed
  File "C:\Users\Rihana\Desktop\doc-video\backend\backend\urls.py", line 24, in <module>
    path('api/', include('converter.urls')),
                 ~~~~~~~^^^^^^^^^^^^^^^^^^
  File "C:\Users\Rihana\Desktop\doc-video\.venv\Lib\site-packages\django\urls\conf.py", line 39, in include
    urlconf_module = import_module(urlconf_module)
  File "C:\Users\Rihana\AppData\Local\Programs\Python\Python314\Lib\importlib\__init__.py", line 88, in import_module
    return _bootstrap._gcd_import(name[level:], package, level)
           ~~~~~~~~~~~~~~~~~~~~~~^^^^^^^^^^^^^^^^^^^^^^^^^^^^^^
  File "<frozen importlib._bootstrap>", line 1398, in _gcd_import
  File "<frozen importlib._bootstrap>", line 1371, in _find_and_load
  File "<frozen importlib._bootstrap>", line 1342, in _find_and_load_unlocked
  File "<frozen importlib._bootstrap>", line 938, in _load_unlocked
  File "<frozen importlib._bootstrap_external>", line 759, in exec_module
  File "<frozen importlib._bootstrap>", line 491, in _call_with_frames_removed
  File "C:\Users\Rihana\Desktop\doc-video\backend\converter\urls.py", line 3, in <module>
    from .views import DocumentToVideoView, HealthView
  File "C:\Users\Rihana\Desktop\doc-video\backend\converter\views.py", line 126
    chunks = chunk_text(text)
    ^^^^^^
IndentationError: expected an indented block after 'if' statement on line 125
C:\Users\Rihana\Desktop\doc-video\backend\converter\views.py changed, reloading.
Watching for file changes with StatReloader
C:\Users\Rihana\Desktop\doc-video\backend\converter\views.py changed, reloading.
Watching for file changes with StatReloader
C:\Users\Rihana\Desktop\doc-video\backend\converter\views.py changed, reloading.
Watching for file changes with StatReloader
C:\Users\Rihana\Desktop\doc-video\backend\converter\views.py changed, reloading.
Watching for file changes with StatReloader
[13/Mar/2026 16:43:05] "POST /api/convert/ HTTP/1.1" 201 135
[13/Mar/2026 16:43:06] "GET /media/jobs/9a0df6fac9de47b18bfdca0334901b6d/video.mp4 HTTP/1.1" 200 1242921
[13/Mar/2026 16:46:56] "POST /api/convert/ HTTP/1.1" 201 135
[13/Mar/2026 16:46:56] "GET /media/jobs/7c9f9b212a614a819e2fea2e76bac4df/video.mp4 HTTP/1.1" 200 4013251
C:\Users\Rihana\Desktop\doc-video\backend\converter\views.py changed, reloading.
Watching for file changes with StatReloader
Exception in thread django-main-thread:
Traceback (most recent call last):
  File "C:\Users\Rihana\AppData\Local\Programs\Python\Python314\Lib\threading.py", line 1082, in _bootstrap_inner
    self._context.run(self.run)
    ~~~~~~~~~~~~~~~~~^^^^^^^^^^
  File "C:\Users\Rihana\AppData\Local\Programs\Python\Python314\Lib\threading.py", line 1024, in run
    self._target(*self._args, **self._kwargs)
    ~~~~~~~~~~~~^^^^^^^^^^^^^^^^^^^^^^^^^^^^^
  File "C:\Users\Rihana\Desktop\doc-video\.venv\Lib\site-packages\django\utils\autoreload.py", line 64, in wrapper
    fn(*args, **kwargs)
    ~~^^^^^^^^^^^^^^^^^
  File "C:\Users\Rihana\Desktop\doc-video\.venv\Lib\site-packages\django\core\management\commands\runserver.py", line 134, in inner_run
    self.check(display_num_errors=True)
    ~~~~~~~~~~^^^^^^^^^^^^^^^^^^^^^^^^^
  File "C:\Users\Rihana\Desktop\doc-video\.venv\Lib\site-packages\django\core\management\base.py", line 486, in check
    all_issues = checks.run_checks(
        app_configs=app_configs,
    ...<2 lines>...
        databases=databases,
    )
  File "C:\Users\Rihana\Desktop\doc-video\.venv\Lib\site-packages\django\core\checks\registry.py", line 88, in run_checks
    new_errors = check(app_configs=app_configs, databases=databases)
  File "C:\Users\Rihana\Desktop\doc-video\.venv\Lib\site-packages\django\core\checks\urls.py", line 16, in check_url_config
    return check_resolver(resolver)
  File "C:\Users\Rihana\Desktop\doc-video\.venv\Lib\site-packages\django\core\checks\urls.py", line 26, in check_resolver
    return check_method()
  File "C:\Users\Rihana\Desktop\doc-video\.venv\Lib\site-packages\django\urls\resolvers.py", line 531, in check
    for pattern in self.url_patterns:
                   ^^^^^^^^^^^^^^^^^
  File "C:\Users\Rihana\Desktop\doc-video\.venv\Lib\site-packages\django\utils\functional.py", line 47, in __get__
    res = instance.__dict__[self.name] = self.func(instance)
                                         ~~~~~~~~~^^^^^^^^^^
  File "C:\Users\Rihana\Desktop\doc-video\.venv\Lib\site-packages\django\urls\resolvers.py", line 718, in url_patterns
    patterns = getattr(self.urlconf_module, "urlpatterns", self.urlconf_module)
                       ^^^^^^^^^^^^^^^^^^^
  File "C:\Users\Rihana\Desktop\doc-video\.venv\Lib\site-packages\django\utils\functional.py", line 47, in __get__
    res = instance.__dict__[self.name] = self.func(instance)
                                         ~~~~~~~~~^^^^^^^^^^
  File "C:\Users\Rihana\Desktop\doc-video\.venv\Lib\site-packages\django\urls\resolvers.py", line 711, in urlconf_module
    return import_module(self.urlconf_name)
  File "C:\Users\Rihana\AppData\Local\Programs\Python\Python314\Lib\importlib\__init__.py", line 88, in import_module
    return _bootstrap._gcd_import(name[level:], package, level)
           ~~~~~~~~~~~~~~~~~~~~~~^^^^^^^^^^^^^^^^^^^^^^^^^^^^^^
  File "<frozen importlib._bootstrap>", line 1398, in _gcd_import
  File "<frozen importlib._bootstrap>", line 1371, in _find_and_load
  File "<frozen importlib._bootstrap>", line 1342, in _find_and_load_unlocked
  File "<frozen importlib._bootstrap>", line 938, in _load_unlocked
  File "<frozen importlib._bootstrap_external>", line 759, in exec_module
  File "<frozen importlib._bootstrap>", line 491, in _call_with_frames_removed
  File "C:\Users\Rihana\Desktop\doc-video\backend\backend\urls.py", line 24, in <module>
    path('api/', include('converter.urls')),
                 ~~~~~~~^^^^^^^^^^^^^^^^^^
  File "C:\Users\Rihana\Desktop\doc-video\.venv\Lib\site-packages\django\urls\conf.py", line 39, in include
    urlconf_module = import_module(urlconf_module)
  File "C:\Users\Rihana\AppData\Local\Programs\Python\Python314\Lib\importlib\__init__.py", line 88, in import_module
    return _bootstrap._gcd_import(name[level:], package, level)
           ~~~~~~~~~~~~~~~~~~~~~~^^^^^^^^^^^^^^^^^^^^^^^^^^^^^^
  File "<frozen importlib._bootstrap>", line 1398, in _gcd_import
  File "<frozen importlib._bootstrap>", line 1371, in _find_and_load
  File "<frozen importlib._bootstrap>", line 1342, in _find_and_load_unlocked
  File "<frozen importlib._bootstrap>", line 938, in _load_unlocked
  File "<frozen importlib._bootstrap_external>", line 759, in exec_module
  File "<frozen importlib._bootstrap>", line 491, in _call_with_frames_removed
  File "C:\Users\Rihana\Desktop\doc-video\backend\converter\urls.py", line 3, in <module>
    from .views import DocumentToVideoView, HealthView
  File "C:\Users\Rihana\Desktop\doc-video\backend\converter\views.py", line 133
    return image_paths
    ^^^^^^^^^^^^^^^^^^
SyntaxError: 'return' outside function
C:\Users\Rihana\Desktop\doc-video\backend\converter\views.py changed, reloading.
Watching for file changes with StatReloader
[13/Mar/2026 16:51:51] "POST /api/convert/ HTTP/1.1" 201 135
[13/Mar/2026 16:51:51] "GET /media/jobs/5d5e59ec23324df8865dca66af72b2e6/video.mp4 HTTP/1.1" 200 1242921
[13/Mar/2026 16:57:27] "POST /api/convert/ HTTP/1.1" 201 135
[13/Mar/2026 16:57:27] "GET /media/jobs/5ab93f01dc424999b5305efa91a99bd2/video.mp4 HTTP/1.1" 200 4593371
[16/Mar/2026 11:05:03] "POST /api/convert/ HTTP/1.1" 201 135
[16/Mar/2026 11:27:11] "POST /api/convert/ HTTP/1.1" 201 135
[16/Mar/2026 13:02:00] "POST /api/convert/ HTTP/1.1" 201 135
[16/Mar/2026 13:02:01] "GET /media/jobs/d797e90745794434946fdfafd1a4bcf0/video.mp4 HTTP/1.1" 200 4593371
[16/Mar/2026 13:50:41] "POST /api/convert/ HTTP/1.1" 201 135
[16/Mar/2026 13:50:42] "GET /media/jobs/88ba8c83ccc94d8d84cc9ca199a48976/video.mp4 HTTP/1.1" 200 4593371
C:\Users\Rihana\Desktop\doc-video\backend\converter\views.py changed, reloading.
Watching for file changes with StatReloader
C:\Users\Rihana\Desktop\doc-video\backend\converter\views.py changed, reloading.
Watching for file changes with StatReloader
C:\Users\Rihana\Desktop\doc-video\backend\converter\views.py changed, reloading.
Watching for file changes with StatReloader
C:\Users\Rihana\Desktop\doc-video\backend\converter\views.py changed, reloading.
Watching for file changes with StatReloader
C:\Users\Rihana\Desktop\doc-video\backend\converter\views.py changed, reloading.
Watching for file changes with StatReloader
C:\Users\Rihana\Desktop\doc-video\backend\converter\views.py changed, reloading.
Watching for file changes with StatReloader
C:\Users\Rihana\Desktop\doc-video\backend\converter\views.py changed, reloading.
Watching for file changes with StatReloader
C:\Users\Rihana\Desktop\doc-video\backend\converter\views.py changed, reloading.
Watching for file changes with StatReloader
C:\Users\Rihana\Desktop\doc-video\backend\converter\views.py changed, reloading.
Watching for file changes with StatReloader
C:\Users\Rihana\Desktop\doc-video\backend\converter\views.py changed, reloading.
Watching for file changes with StatReloader
C:\Users\Rihana\Desktop\doc-video\backend\converter\views.py changed, reloading.
Watching for file changes with StatReloader
C:\Users\Rihana\Desktop\doc-video\backend\converter\views.py changed, reloading.
Watching for file changes with StatReloader
C:\Users\Rihana\Desktop\doc-video\backend\converter\views.py changed, reloading.
Watching for file changes with StatReloader
C:\Users\Rihana\Desktop\doc-video\backend\converter\views.py changed, reloading.
Watching for file changes with StatReloader
C:\Users\Rihana\Desktop\doc-video\backend\converter\views.py changed, reloading.
Watching for file changes with StatReloader
C:\Users\Rihana\Desktop\doc-video\backend\converter\views.py changed, reloading.
Watching for file changes with StatReloader
C:\Users\Rihana\Desktop\doc-video\backend\converter\views.py changed, reloading.
Watching for file changes with StatReloader
C:\Users\Rihana\Desktop\doc-video\backend\converter\views.py changed, reloading.
Watching for file changes with StatReloader
C:\Users\Rihana\Desktop\doc-video\backend\converter\views.py changed, reloading.
Watching for file changes with StatReloader
C:\Users\Rihana\Desktop\doc-video\backend\converter\views.py changed, reloading.
Watching for file changes with StatReloader
C:\Users\Rihana\Desktop\doc-video\backend\converter\views.py changed, reloading.
Watching for file changes with StatReloader
C:\Users\Rihana\Desktop\doc-video\backend\converter\views.py changed, reloading.
Watching for file changes with StatReloader
C:\Users\Rihana\Desktop\doc-video\backend\converter\views.py changed, reloading.
Watching for file changes with StatReloader
C:\Users\Rihana\Desktop\doc-video\backend\converter\views.py changed, reloading.
Watching for file changes with StatReloader
C:\Users\Rihana\Desktop\doc-video\backend\converter\views.py changed, reloading.
Watching for file changes with StatReloader
C:\Users\Rihana\Desktop\doc-video\backend\converter\views.py changed, reloading.
Watching for file changes with StatReloader
C:\Users\Rihana\Desktop\doc-video\backend\converter\views.py changed, reloading.
Watching for file changes with StatReloader
C:\Users\Rihana\Desktop\doc-video\backend\converter\views.py changed, reloading.
Watching for file changes with StatReloader
[16/Mar/2026 14:30:44] "GET /media/jobs/88ba8c83ccc94d8d84cc9ca199a48976/video.mp4 HTTP/1.1" 304 0
C:\Users\Rihana\Desktop\doc-video\backend\converter\views.py changed, reloading.
Watching for file changes with StatReloader
Exception in thread django-main-thread:
Traceback (most recent call last):
  File "C:\Users\Rihana\AppData\Local\Programs\Python\Python314\Lib\threading.py", line 1082, in _bootstrap_inner
    self._context.run(self.run)
    ~~~~~~~~~~~~~~~~~^^^^^^^^^^
  File "C:\Users\Rihana\AppData\Local\Programs\Python\Python314\Lib\threading.py", line 1024, in run
    self._target(*self._args, **self._kwargs)
    ~~~~~~~~~~~~^^^^^^^^^^^^^^^^^^^^^^^^^^^^^
  File "C:\Users\Rihana\Desktop\doc-video\.venv\Lib\site-packages\django\utils\autoreload.py", line 64, in wrapper
    fn(*args, **kwargs)
    ~~^^^^^^^^^^^^^^^^^
  File "C:\Users\Rihana\Desktop\doc-video\.venv\Lib\site-packages\django\core\management\commands\runserver.py", line 134, in inner_run
    self.check(display_num_errors=True)
    ~~~~~~~~~~^^^^^^^^^^^^^^^^^^^^^^^^^
  File "C:\Users\Rihana\Desktop\doc-video\.venv\Lib\site-packages\django\core\management\base.py", line 486, in check
    all_issues = checks.run_checks(
        app_configs=app_configs,
    ...<2 lines>...
        databases=databases,
    )
  File "C:\Users\Rihana\Desktop\doc-video\.venv\Lib\site-packages\django\core\checks\registry.py", line 88, in run_checks
    new_errors = check(app_configs=app_configs, databases=databases)
  File "C:\Users\Rihana\Desktop\doc-video\.venv\Lib\site-packages\django\core\checks\urls.py", line 16, in check_url_config
    return check_resolver(resolver)
  File "C:\Users\Rihana\Desktop\doc-video\.venv\Lib\site-packages\django\core\checks\urls.py", line 26, in check_resolver
    return check_method()
  File "C:\Users\Rihana\Desktop\doc-video\.venv\Lib\site-packages\django\urls\resolvers.py", line 531, in check
    for pattern in self.url_patterns:
                   ^^^^^^^^^^^^^^^^^
  File "C:\Users\Rihana\Desktop\doc-video\.venv\Lib\site-packages\django\utils\functional.py", line 47, in __get__
    res = instance.__dict__[self.name] = self.func(instance)
                                         ~~~~~~~~~^^^^^^^^^^
  File "C:\Users\Rihana\Desktop\doc-video\.venv\Lib\site-packages\django\urls\resolvers.py", line 718, in url_patterns
    patterns = getattr(self.urlconf_module, "urlpatterns", self.urlconf_module)
                       ^^^^^^^^^^^^^^^^^^^
  File "C:\Users\Rihana\Desktop\doc-video\.venv\Lib\site-packages\django\utils\functional.py", line 47, in __get__
    res = instance.__dict__[self.name] = self.func(instance)
                                         ~~~~~~~~~^^^^^^^^^^
  File "C:\Users\Rihana\Desktop\doc-video\.venv\Lib\site-packages\django\urls\resolvers.py", line 711, in urlconf_module
    return import_module(self.urlconf_name)
  File "C:\Users\Rihana\AppData\Local\Programs\Python\Python314\Lib\importlib\__init__.py", line 88, in import_module
    return _bootstrap._gcd_import(name[level:], package, level)
           ~~~~~~~~~~~~~~~~~~~~~~^^^^^^^^^^^^^^^^^^^^^^^^^^^^^^
  File "<frozen importlib._bootstrap>", line 1398, in _gcd_import
  File "<frozen importlib._bootstrap>", line 1371, in _find_and_load
  File "<frozen importlib._bootstrap>", line 1342, in _find_and_load_unlocked
  File "<frozen importlib._bootstrap>", line 938, in _load_unlocked
  File "<frozen importlib._bootstrap_external>", line 759, in exec_module
  File "<frozen importlib._bootstrap>", line 491, in _call_with_frames_removed
  File "C:\Users\Rihana\Desktop\doc-video\backend\backend\urls.py", line 24, in <module>
    path('api/', include('converter.urls')),
                 ~~~~~~~^^^^^^^^^^^^^^^^^^
  File "C:\Users\Rihana\Desktop\doc-video\.venv\Lib\site-packages\django\urls\conf.py", line 39, in include
    urlconf_module = import_module(urlconf_module)
  File "C:\Users\Rihana\AppData\Local\Programs\Python\Python314\Lib\importlib\__init__.py", line 88, in import_module
    return _bootstrap._gcd_import(name[level:], package, level)
           ~~~~~~~~~~~~~~~~~~~~~~^^^^^^^^^^^^^^^^^^^^^^^^^^^^^^
  File "<frozen importlib._bootstrap>", line 1398, in _gcd_import
  File "<frozen importlib._bootstrap>", line 1371, in _find_and_load
  File "<frozen importlib._bootstrap>", line 1342, in _find_and_load_unlocked
  File "<frozen importlib._bootstrap>", line 938, in _load_unlocked
  File "<frozen importlib._bootstrap_external>", line 759, in exec_module
  File "<frozen importlib._bootstrap>", line 491, in _call_with_frames_removed
  File "C:\Users\Rihana\Desktop\doc-video\backend\converter\urls.py", line 3, in <module>
    from .views import DocumentToVideoView, HealthView
  File "C:\Users\Rihana\Desktop\doc-video\backend\converter\views.py", line 18
    SUPPORTED_EXTENSIONS = {".pdf", ".docx", ".txt", ".ppt", ".pptx"}MAX_FILE_SIZE_MB = 20
                                                                     ^^^^^^^^^^^^^^^^
SyntaxError: invalid syntax
C:\Users\Rihana\Desktop\doc-video\backend\converter\views.py changed, reloading.
Watching for file changes with StatReloader
Exception in thread django-main-thread:
Traceback (most recent call last):
  File "C:\Users\Rihana\AppData\Local\Programs\Python\Python314\Lib\threading.py", line 1082, in _bootstrap_inner
    self._context.run(self.run)
    ~~~~~~~~~~~~~~~~~^^^^^^^^^^
  File "C:\Users\Rihana\AppData\Local\Programs\Python\Python314\Lib\threading.py", line 1024, in run
    self._target(*self._args, **self._kwargs)
    ~~~~~~~~~~~~^^^^^^^^^^^^^^^^^^^^^^^^^^^^^
  File "C:\Users\Rihana\Desktop\doc-video\.venv\Lib\site-packages\django\utils\autoreload.py", line 64, in wrapper
    fn(*args, **kwargs)
    ~~^^^^^^^^^^^^^^^^^
  File "C:\Users\Rihana\Desktop\doc-video\.venv\Lib\site-packages\django\core\management\commands\runserver.py", line 134, in inner_run
    self.check(display_num_errors=True)
    ~~~~~~~~~~^^^^^^^^^^^^^^^^^^^^^^^^^
  File "C:\Users\Rihana\Desktop\doc-video\.venv\Lib\site-packages\django\core\management\base.py", line 486, in check
    all_issues = checks.run_checks(
        app_configs=app_configs,
    ...<2 lines>...
        databases=databases,
    )
  File "C:\Users\Rihana\Desktop\doc-video\.venv\Lib\site-packages\django\core\checks\registry.py", line 88, in run_checks
    new_errors = check(app_configs=app_configs, databases=databases)
  File "C:\Users\Rihana\Desktop\doc-video\.venv\Lib\site-packages\django\core\checks\urls.py", line 16, in check_url_config
    return check_resolver(resolver)
  File "C:\Users\Rihana\Desktop\doc-video\.venv\Lib\site-packages\django\core\checks\urls.py", line 26, in check_resolver
    return check_method()
  File "C:\Users\Rihana\Desktop\doc-video\.venv\Lib\site-packages\django\urls\resolvers.py", line 531, in check
    for pattern in self.url_patterns:
                   ^^^^^^^^^^^^^^^^^
  File "C:\Users\Rihana\Desktop\doc-video\.venv\Lib\site-packages\django\utils\functional.py", line 47, in __get__
    res = instance.__dict__[self.name] = self.func(instance)
                                         ~~~~~~~~~^^^^^^^^^^
  File "C:\Users\Rihana\Desktop\doc-video\.venv\Lib\site-packages\django\urls\resolvers.py", line 718, in url_patterns
    patterns = getattr(self.urlconf_module, "urlpatterns", self.urlconf_module)
                       ^^^^^^^^^^^^^^^^^^^
  File "C:\Users\Rihana\Desktop\doc-video\.venv\Lib\site-packages\django\utils\functional.py", line 47, in __get__
    res = instance.__dict__[self.name] = self.func(instance)
                                         ~~~~~~~~~^^^^^^^^^^
  File "C:\Users\Rihana\Desktop\doc-video\.venv\Lib\site-packages\django\urls\resolvers.py", line 711, in urlconf_module
    return import_module(self.urlconf_name)
  File "C:\Users\Rihana\AppData\Local\Programs\Python\Python314\Lib\importlib\__init__.py", line 88, in import_module
    return _bootstrap._gcd_import(name[level:], package, level)
           ~~~~~~~~~~~~~~~~~~~~~~^^^^^^^^^^^^^^^^^^^^^^^^^^^^^^
  File "<frozen importlib._bootstrap>", line 1398, in _gcd_import
  File "<frozen importlib._bootstrap>", line 1371, in _find_and_load
  File "<frozen importlib._bootstrap>", line 1342, in _find_and_load_unlocked
  File "<frozen importlib._bootstrap>", line 938, in _load_unlocked
  File "<frozen importlib._bootstrap_external>", line 759, in exec_module
  File "<frozen importlib._bootstrap>", line 491, in _call_with_frames_removed
  File "C:\Users\Rihana\Desktop\doc-video\backend\backend\urls.py", line 24, in <module>
    path('api/', include('converter.urls')),
                 ~~~~~~~^^^^^^^^^^^^^^^^^^
  File "C:\Users\Rihana\Desktop\doc-video\.venv\Lib\site-packages\django\urls\conf.py", line 39, in include
    urlconf_module = import_module(urlconf_module)
  File "C:\Users\Rihana\AppData\Local\Programs\Python\Python314\Lib\importlib\__init__.py", line 88, in import_module
    return _bootstrap._gcd_import(name[level:], package, level)
           ~~~~~~~~~~~~~~~~~~~~~~^^^^^^^^^^^^^^^^^^^^^^^^^^^^^^
  File "<frozen importlib._bootstrap>", line 1398, in _gcd_import
  File "<frozen importlib._bootstrap>", line 1371, in _find_and_load
  File "<frozen importlib._bootstrap>", line 1342, in _find_and_load_unlocked
  File "<frozen importlib._bootstrap>", line 938, in _load_unlocked
  File "<frozen importlib._bootstrap_external>", line 759, in exec_module
  File "<frozen importlib._bootstrap>", line 491, in _call_with_frames_removed
  File "C:\Users\Rihana\Desktop\doc-video\backend\converter\urls.py", line 3, in <module>
    from .views import DocumentToVideoView, HealthView
  File "C:\Users\Rihana\Desktop\doc-video\backend\converter\views.py", line 17, in <module>
    from pptx import Presentation
ModuleNotFoundError: No module named 'pptx'
C:\Users\Rihana\Desktop\doc-video\backend\converter\views.py changed, reloading.
Watching for file changes with StatReloader
C:\Users\Rihana\Desktop\doc-video\backend\converter\views.py changed, reloading.
Watching for file changes with StatReloader
[16/Mar/2026 15:08:06] "POST /api/convert/ HTTP/1.1" 201 135
[16/Mar/2026 15:08:06] "GET /media/jobs/c0c27620484c417797affa34a816a852/video.mp4 HTTP/1.1" 200 1242921
[16/Mar/2026 15:10:17] "POST /api/convert/ HTTP/1.1" 201 135
[16/Mar/2026 15:10:17] "GET /media/jobs/5f64cbe5ca584911b4be147a8fac8476/video.mp4 HTTP/1.1" 200 1242921
[16/Mar/2026 15:19:54] "GET /media/jobs/5f64cbe5ca584911b4be147a8fac8476/video.mp4 HTTP/1.1" 304 0
[18/Mar/2026 09:42:22] "POST /api/convert/ HTTP/1.1" 201 135
[18/Mar/2026 09:42:22] "GET /media/jobs/5247a9d313094be1a10fc5200fd6b3cf/video.mp4 HTTP/1.1" 200 4593371
[18/Mar/2026 09:45:07] "GET /media/jobs/5247a9d313094be1a10fc5200fd6b3cf/video.mp4 HTTP/1.1" 304 0
[18/Mar/2026 09:46:55] "GET /media/jobs/5247a9d313094be1a10fc5200fd6b3cf/video.mp4 HTTP/1.1" 304 0
[18/Mar/2026 10:09:51] "POST /api/convert/ HTTP/1.1" 201 135
[18/Mar/2026 10:09:51] "GET /media/jobs/f8325863947d43c7b60f00845500e4f6/video.mp4 HTTP/1.1" 200 4593371
[18/Mar/2026 10:10:00] "GET /media/jobs/f8325863947d43c7b60f00845500e4f6/video.mp4 HTTP/1.1" 200 4593371
[18/Mar/2026 10:13:02] "GET /media/jobs/f8325863947d43c7b60f00845500e4f6/video.mp4 HTTP/1.1" 200 4593371
