Performing system checks...

System check identified no issues (0 silenced).
March 13, 2026 - 14:30:58
Django version 5.1.2, using settings 'backend.settings'
Starting development server at http://0.0.0.0:8000/
Quit the server with CTRL-BREAK.

Performing system checks...

System check identified no issues (0 silenced).
March 13, 2026 - 15:25:14
Django version 5.1.2, using settings 'backend.settings'
Starting development server at http://0.0.0.0:8000/
Quit the server with CTRL-BREAK.

Performing system checks...

System check identified no issues (0 silenced).
March 13, 2026 - 15:25:43
Django version 5.1.2, using settings 'backend.settings'
Starting development server at http://0.0.0.0:8000/
Quit the server with CTRL-BREAK.

Performing system checks...

Performing system checks...

System check identified no issues (0 silenced).
March 13, 2026 - 15:25:58
Django version 5.1.2, using settings 'backend.settings'
Starting development server at http://0.0.0.0:8000/
Quit the server with CTRL-BREAK.

Performing system checks...

Performing system checks...

Performing system checks...

System check identified no issues (0 silenced).
March 13, 2026 - 15:26:13
Django version 5.1.2, using settings 'backend.settings'
Starting development server at http://0.0.0.0:8000/
Quit the server with CTRL-BREAK.

Performing system checks...

Performing system checks...

System check identified no issues (0 silenced).
March 13, 2026 - 15:27:11
Django version 5.1.2, using settings 'backend.settings'
Starting development server at http://0.0.0.0:8000/
Quit the server with CTRL-BREAK.

Performing system checks...

Performing system checks...

System check identified no issues (0 silenced).
March 13, 2026 - 15:27:19
Django version 5.1.2, using settings 'backend.settings'
Starting development server at http://0.0.0.0:8000/
Quit the server with CTRL-BREAK.

Performing system checks...

Performing system checks...

System check identified no issues (0 silenced).
March 13, 2026 - 15:27:33
Django version 5.1.2, using settings 'backend.settings'
Starting development server at http://0.0.0.0:8000/
Quit the server with CTRL-BREAK.

Performing system checks...

Performing system checks...

Performing system checks...

Performing system checks...

Performing system checks...

Performing system checks...

System check identified no issues (0 silenced).
March 13, 2026 - 16:40:05
Django version 5.1.2, using settings 'backend.settings'
Starting development server at http://0.0.0.0:8000/
Quit the server with CTRL-BREAK.

Performing system checks...

System check identified no issues (0 silenced).
March 13, 2026 - 16:41:13
Django version 5.1.2, using settings 'backend.settings'
Starting development server at http://0.0.0.0:8000/
Quit the server with CTRL-BREAK.

Performing system checks...

System check identified no issues (0 silenced).
March 13, 2026 - 16:41:54
Django version 5.1.2, using settings 'backend.settings'
Starting development server at http://0.0.0.0:8000/
Quit the server with CTRL-BREAK.

Performing system checks...

System check identified no issues (0 silenced).
March 13, 2026 - 16:41:56
Django version 5.1.2, using settings 'backend.settings'
Starting development server at http://0.0.0.0:8000/
Quit the server with CTRL-BREAK.

Performing system checks...

Performing system checks...

System check identified no issues (0 silenced).
March 13, 2026 - 16:50:13
Django version 5.1.2, using settings 'backend.settings'
Starting development server at http://0.0.0.0:8000/
Quit the server with CTRL-BREAK.

Performing system checks...

System check identified no issues (0 silenced).
March 16, 2026 - 14:22:30
Django version 5.1.2, using settings 'backend.settings'
Starting development server at http://0.0.0.0:8000/
Quit the server with CTRL-BREAK.

Performing system checks...

System check identified no issues (0 silenced).
March 16, 2026 - 14:22:32
Django version 5.1.2, using settings 'backend.settings'
Starting development server at http://0.0.0.0:8000/
Quit the server with CTRL-BREAK.

Performing system checks...

System check identified no issues (0 silenced).
March 16, 2026 - 14:22:36
Django version 5.1.2, using settings 'backend.settings'
Starting development server at http://0.0.0.0:8000/
Quit the server with CTRL-BREAK.

Performing system checks...

System check identified no issues (0 silenced).
March 16, 2026 - 14:22:44
Django version 5.1.2, using settings 'backend.settings'
Starting development server at http://0.0.0.0:8000/
Quit the server with CTRL-BREAK.

Performing system checks...

System check identified no issues (0 silenced).
March 16, 2026 - 14:22:52
Django version 5.1.2, using settings 'backend.settings'
Starting development server at http://0.0.0.0:8000/
Quit the server with CTRL-BREAK.

Performing system checks...

System check identified no issues (0 silenced).
March 16, 2026 - 14:22:54
Django version 5.1.2, using settings 'backend.settings'
Starting development server at http://0.0.0.0:8000/
Quit the server with CTRL-BREAK.

Performing system checks...

System check identified no issues (0 silenced).
March 16, 2026 - 14:23:10
Django version 5.1.2, using settings 'backend.settings'
Starting development server at http://0.0.0.0:8000/
Quit the server with CTRL-BREAK.

Performing system checks...

System check identified no issues (0 silenced).
March 16, 2026 - 14:23:18
Django version 5.1.2, using settings 'backend.settings'
Starting development server at http://0.0.0.0:8000/
Quit the server with CTRL-BREAK.

Performing system checks...

System check identified no issues (0 silenced).
March 16, 2026 - 14:23:21
Django version 5.1.2, using settings 'backend.settings'
Starting development server at http://0.0.0.0:8000/
Quit the server with CTRL-BREAK.

Performing system checks...

System check identified no issues (0 silenced).
March 16, 2026 - 14:23:25
Django version 5.1.2, using settings 'backend.settings'
Starting development server at http://0.0.0.0:8000/
Quit the server with CTRL-BREAK.

Performing system checks...

System check identified no issues (0 silenced).
March 16, 2026 - 14:23:30
Django version 5.1.2, using settings 'backend.settings'
Starting development server at http://0.0.0.0:8000/
Quit the server with CTRL-BREAK.

Performing system checks...

System check identified no issues (0 silenced).
March 16, 2026 - 14:23:34
Django version 5.1.2, using settings 'backend.settings'
Starting development server at http://0.0.0.0:8000/
Quit the server with CTRL-BREAK.

Performing system checks...

System check identified no issues (0 silenced).
March 16, 2026 - 14:23:46
Django version 5.1.2, using settings 'backend.settings'
Starting development server at http://0.0.0.0:8000/
Quit the server with CTRL-BREAK.

Performing system checks...

System check identified no issues (0 silenced).
March 16, 2026 - 14:23:49
Django version 5.1.2, using settings 'backend.settings'
Starting development server at http://0.0.0.0:8000/
Quit the server with CTRL-BREAK.

Performing system checks...

System check identified no issues (0 silenced).
March 16, 2026 - 14:23:52
Django version 5.1.2, using settings 'backend.settings'
Starting development server at http://0.0.0.0:8000/
Quit the server with CTRL-BREAK.

Performing system checks...

System check identified no issues (0 silenced).
March 16, 2026 - 14:23:54
Django version 5.1.2, using settings 'backend.settings'
Starting development server at http://0.0.0.0:8000/
Quit the server with CTRL-BREAK.

Performing system checks...

System check identified no issues (0 silenced).
March 16, 2026 - 14:23:58
Django version 5.1.2, using settings 'backend.settings'
Starting development server at http://0.0.0.0:8000/
Quit the server with CTRL-BREAK.

Performing system checks...

System check identified no issues (0 silenced).
March 16, 2026 - 14:24:02
Django version 5.1.2, using settings 'backend.settings'
Starting development server at http://0.0.0.0:8000/
Quit the server with CTRL-BREAK.

Performing system checks...

System check identified no issues (0 silenced).
March 16, 2026 - 14:24:07
Django version 5.1.2, using settings 'backend.settings'
Starting development server at http://0.0.0.0:8000/
Quit the server with CTRL-BREAK.

Performing system checks...

System check identified no issues (0 silenced).
March 16, 2026 - 14:24:12
Django version 5.1.2, using settings 'backend.settings'
Starting development server at http://0.0.0.0:8000/
Quit the server with CTRL-BREAK.

Performing system checks...

System check identified no issues (0 silenced).
March 16, 2026 - 14:24:14
Django version 5.1.2, using settings 'backend.settings'
Starting development server at http://0.0.0.0:8000/
Quit the server with CTRL-BREAK.

Performing system checks...

System check identified no issues (0 silenced).
March 16, 2026 - 14:24:17
Django version 5.1.2, using settings 'backend.settings'
Starting development server at http://0.0.0.0:8000/
Quit the server with CTRL-BREAK.

Performing system checks...

System check identified no issues (0 silenced).
March 16, 2026 - 14:24:19
Django version 5.1.2, using settings 'backend.settings'
Starting development server at http://0.0.0.0:8000/
Quit the server with CTRL-BREAK.

Performing system checks...

System check identified no issues (0 silenced).
March 16, 2026 - 14:24:56
Django version 5.1.2, using settings 'backend.settings'
Starting development server at http://0.0.0.0:8000/
Quit the server with CTRL-BREAK.

Performing system checks...

System check identified no issues (0 silenced).
March 16, 2026 - 14:24:58
Django version 5.1.2, using settings 'backend.settings'
Starting development server at http://0.0.0.0:8000/
Quit the server with CTRL-BREAK.

Performing system checks...

System check identified no issues (0 silenced).
March 16, 2026 - 14:25:01
Django version 5.1.2, using settings 'backend.settings'
Starting development server at http://0.0.0.0:8000/
Quit the server with CTRL-BREAK.

Performing system checks...

System check identified no issues (0 silenced).
March 16, 2026 - 14:25:21
Django version 5.1.2, using settings 'backend.settings'
Starting development server at http://0.0.0.0:8000/
Quit the server with CTRL-BREAK.

Performing system checks...

System check identified no issues (0 silenced).
March 16, 2026 - 14:25:51
Django version 5.1.2, using settings 'backend.settings'
Starting development server at http://0.0.0.0:8000/
Quit the server with CTRL-BREAK.

Performing system checks...

Performing system checks...

Performing system checks...

System check identified no issues (0 silenced).
March 16, 2026 - 14:34:16
Django version 5.1.2, using settings 'backend.settings'
Starting development server at http://0.0.0.0:8000/
Quit the server with CTRL-BREAK.

